[     322ms] [ERROR] Failed to load resource: the server responded with a status of 401 () @ https://guitarforge-1tvu6aht2-orpelta85s-projects.vercel.app/#daily:0
[    1447ms] [LOG] %c
▲

  ________            ___    ____   ________                __
 /_  __/ /_  ___     /   |  /  _/  / ____/ /___  __  ______/ /
  / / / __ \/ _ \   / /| |  / /   / /   / / __ \/ / / / __  /
 / / / / / /  __/  / ___ |_/ /   / /___/ / /_/ / /_/ / /_/ /
/_/ /_/ /_/\___/  /_/  |_/___/   \____/_/\____/\__,_/\__,_/
  

Hello!

- Open Source https://vercel.com/oss
- Careers https://vercel.com/careers
- Status https://vercel-status.com

 font-family: "Geist Mono", monospace; white-space: pre; line-height: 1; @ https://vercel.com/_next/static/chunks/3vt9z9-00w7jo.js?dpl=dpl_GcfvrJoCPcDS5DhsF3TttmHYBTMc:72
[    1712ms] [WARNING] [GSI_LOGGER]: Your client application uses one of the Google One Tap prompt UI status methods that may stop functioning when FedCM becomes mandatory. Refer to the migration guide to update your code accordingly and opt-in to FedCM to test your changes. Learn more: https://developers.google.com/identity/gsi/web/guides/fedcm-migration?s=dc#display_moment and https://developers.google.com/identity/gsi/web/guides/fedcm-migration?s=dc#skipped_moment @ https://accounts.google.com/gsi/client:84
[    1885ms] [ERROR] Failed to load resource: the server responded with a status of 403 () @ https://vercel.com/api/jwt:0
[    1972ms] [WARNING] Deprecated API for given entry type. @ https://vercel.com/_next/static/chunks/0835ycci1b4sv.js?dpl=dpl_GcfvrJoCPcDS5DhsF3TttmHYBTMc:18
[    5522ms] [WARNING] The resource https://vercel.com/_next/static/chunks/1mkn1n4cf7-_i.css?dpl=dpl_GcfvrJoCPcDS5DhsF3TttmHYBTMc was preloaded using link preload but not used within a few seconds from the window's load event. Please make sure it has an appropriate `as` value and it is preloaded intentionally. @ https://vercel.com/login?next=%2Fsso-api%3Furl%3Dhttps%253A%252F%252Fguitarforge-1tvu6aht2-orpelta85s-projects.vercel.app%252F%26nonce%3D1e9aad02d1b1cab540cfa8f0f8207cbc20758557e2fc9fc4447140f89364b5a7:0
[    5522ms] [WARNING] The resource https://vercel.com/_next/static/media/ebay-dark.34mho2a18qqlt.svg?dpl=dpl_GcfvrJoCPcDS5DhsF3TttmHYBTMc was preloaded using link preload but not used within a few seconds from the window's load event. Please make sure it has an appropriate `as` value and it is preloaded intentionally. @ https://vercel.com/login?next=%2Fsso-api%3Furl%3Dhttps%253A%252F%252Fguitarforge-1tvu6aht2-orpelta85s-projects.vercel.app%252F%26nonce%3D1e9aad02d1b1cab540cfa8f0f8207cbc20758557e2fc9fc4447140f89364b5a7:0
[    5522ms] [WARNING] The resource https://vercel.com/_next/static/media/stripe-light.2l_1jctpe6k_4.svg?dpl=dpl_GcfvrJoCPcDS5DhsF3TttmHYBTMc was preloaded using link preload but not used within a few seconds from the window's load event. Please make sure it has an appropriate `as` value and it is preloaded intentionally. @ https://vercel.com/login?next=%2Fsso-api%3Furl%3Dhttps%253A%252F%252Fguitarforge-1tvu6aht2-orpelta85s-projects.vercel.app%252F%26nonce%3D1e9aad02d1b1cab540cfa8f0f8207cbc20758557e2fc9fc4447140f89364b5a7:0
[    5522ms] [WARNING] The resource https://vercel.com/_next/static/media/adobe-light.406_7oryl71va.svg?dpl=dpl_GcfvrJoCPcDS5DhsF3TttmHYBTMc was preloaded using link preload but not used within a few seconds from the window's load event. Please make sure it has an appropriate `as` value and it is preloaded intentionally. @ https://vercel.com/login?next=%2Fsso-api%3Furl%3Dhttps%253A%252F%252Fguitarforge-1tvu6aht2-orpelta85s-projects.vercel.app%252F%26nonce%3D1e9aad02d1b1cab540cfa8f0f8207cbc20758557e2fc9fc4447140f89364b5a7:0
[    5522ms] [WARNING] The resource https://vercel.com/_next/static/media/ebay-light.3ft_ki8203ov0.svg?dpl=dpl_GcfvrJoCPcDS5DhsF3TttmHYBTMc was preloaded using link preload but not used within a few seconds from the window's load event. Please make sure it has an appropriate `as` value and it is preloaded intentionally. @ https://vercel.com/login?next=%2Fsso-api%3Furl%3Dhttps%253A%252F%252Fguitarforge-1tvu6aht2-orpelta85s-projects.vercel.app%252F%26nonce%3D1e9aad02d1b1cab540cfa8f0f8207cbc20758557e2fc9fc4447140f89364b5a7:0
[    5522ms] [WARNING] The resource https://vercel.com/_next/static/media/stripe-dark.16ozjth2vgb_3.svg?dpl=dpl_GcfvrJoCPcDS5DhsF3TttmHYBTMc was preloaded using link preload but not used within a few seconds from the window's load event. Please make sure it has an appropriate `as` value and it is preloaded intentionally. @ https://vercel.com/login?next=%2Fsso-api%3Furl%3Dhttps%253A%252F%252Fguitarforge-1tvu6aht2-orpelta85s-projects.vercel.app%252F%26nonce%3D1e9aad02d1b1cab540cfa8f0f8207cbc20758557e2fc9fc4447140f89364b5a7:0
