[    7797ms] [LOG] [Fast Refresh] rebuilding @ http://localhost:3001/_next/static/chunks/a266a_next_dist_cfedd8c2._.js:2297
[    7846ms] [LOG] [Fast Refresh] done in 121ms @ http://localhost:3001/_next/static/chunks/a266a_next_dist_cfedd8c2._.js:2297
[   14706ms] [LOG] [Fast Refresh] rebuilding @ http://localhost:3001/_next/static/chunks/a266a_next_dist_cfedd8c2._.js:2297
[   14759ms] [LOG] [Fast Refresh] done in 120ms @ http://localhost:3001/_next/static/chunks/a266a_next_dist_cfedd8c2._.js:2297
[   22634ms] [LOG] [Fast Refresh] rebuilding @ http://localhost:3001/_next/static/chunks/a266a_next_dist_cfedd8c2._.js:2297
[   22853ms] [LOG] [Fast Refresh] done in 327ms @ http://localhost:3001/_next/static/chunks/a266a_next_dist_cfedd8c2._.js:2297
[   32449ms] [LOG] [Fast Refresh] rebuilding @ http://localhost:3001/_next/static/chunks/a266a_next_dist_cfedd8c2._.js:2297
[   32683ms] [LOG] [Fast Refresh] done in 342ms @ http://localhost:3001/_next/static/chunks/a266a_next_dist_cfedd8c2._.js:2297
[   33176ms] [LOG] [Fast Refresh] rebuilding @ http://localhost:3001/_next/static/chunks/a266a_next_dist_cfedd8c2._.js:2297
[   33211ms] [LOG] [Fast Refresh] done in 98ms @ http://localhost:3001/_next/static/chunks/a266a_next_dist_cfedd8c2._.js:2297
[   41374ms] [LOG] [Fast Refresh] rebuilding @ http://localhost:3001/_next/static/chunks/a266a_next_dist_cfedd8c2._.js:2297
[   41407ms] [LOG] [Fast Refresh] done in 112ms @ http://localhost:3001/_next/static/chunks/a266a_next_dist_cfedd8c2._.js:2297
[   51494ms] [LOG] [Fast Refresh] rebuilding @ http://localhost:3001/_next/static/chunks/a266a_next_dist_cfedd8c2._.js:2297
[   51561ms] [LOG] [Fast Refresh] done in 137ms @ http://localhost:3001/_next/static/chunks/a266a_next_dist_cfedd8c2._.js:2297
[   68324ms] [LOG] [Fast Refresh] rebuilding @ http://localhost:3001/_next/static/chunks/a266a_next_dist_cfedd8c2._.js:2297
[   68387ms] [LOG] [Fast Refresh] done in 135ms @ http://localhost:3001/_next/static/chunks/a266a_next_dist_cfedd8c2._.js:2297
[   82267ms] [LOG] [Fast Refresh] rebuilding @ http://localhost:3001/_next/static/chunks/a266a_next_dist_cfedd8c2._.js:2297
[   82523ms] [LOG] [Fast Refresh] done in 357ms @ http://localhost:3001/_next/static/chunks/a266a_next_dist_cfedd8c2._.js:2297
[   83411ms] [LOG] [Fast Refresh] rebuilding @ http://localhost:3001/_next/static/chunks/a266a_next_dist_cfedd8c2._.js:2297
[   83470ms] [LOG] [Fast Refresh] done in 137ms @ http://localhost:3001/_next/static/chunks/a266a_next_dist_cfedd8c2._.js:2297
[   92297ms] [LOG] [Fast Refresh] rebuilding @ http://localhost:3001/_next/static/chunks/a266a_next_dist_cfedd8c2._.js:2297
[   92328ms] [LOG] [Fast Refresh] done in 115ms @ http://localhost:3001/_next/static/chunks/a266a_next_dist_cfedd8c2._.js:2297
[   99463ms] [LOG] [Fast Refresh] rebuilding @ http://localhost:3001/_next/static/chunks/a266a_next_dist_cfedd8c2._.js:2297
[   99493ms] [LOG] [Fast Refresh] done in 116ms @ http://localhost:3001/_next/static/chunks/a266a_next_dist_cfedd8c2._.js:2297
[   99732ms] [LOG] [Fast Refresh] rebuilding @ http://localhost:3001/_next/static/chunks/a266a_next_dist_cfedd8c2._.js:2297
[   99966ms] [LOG] [Fast Refresh] done in 342ms @ http://localhost:3001/_next/static/chunks/a266a_next_dist_cfedd8c2._.js:2297
[  113164ms] [LOG] [Fast Refresh] rebuilding @ http://localhost:3001/_next/static/chunks/a266a_next_dist_cfedd8c2._.js:2297
[  113383ms] [LOG] [Fast Refresh] done in 328ms @ http://localhost:3001/_next/static/chunks/a266a_next_dist_cfedd8c2._.js:2297
[  121584ms] [LOG] [Fast Refresh] rebuilding @ http://localhost:3001/_next/static/chunks/a266a_next_dist_cfedd8c2._.js:2297
[  121648ms] [LOG] [Fast Refresh] done in 134ms @ http://localhost:3001/_next/static/chunks/a266a_next_dist_cfedd8c2._.js:2297
[  129126ms] [LOG] [Fast Refresh] rebuilding @ http://localhost:3001/_next/static/chunks/a266a_next_dist_cfedd8c2._.js:2297
[  129345ms] [LOG] [Fast Refresh] done in 329ms @ http://localhost:3001/_next/static/chunks/a266a_next_dist_cfedd8c2._.js:2297
[  136153ms] [LOG] [Fast Refresh] rebuilding @ http://localhost:3001/_next/static/chunks/a266a_next_dist_cfedd8c2._.js:2297
[  136207ms] [LOG] [Fast Refresh] done in 118ms @ http://localhost:3001/_next/static/chunks/a266a_next_dist_cfedd8c2._.js:2297
[  145601ms] ReferenceError: setKbPicked is not defined
    at newQ (http://localhost:3001/_next/static/chunks/guitarforge_src_components_LearningCenterPage_tsx_7479d8cc._.js?id=%255Bproject%255D%252Fguitarforge%252Fsrc%252Fcomponents%252FLearningCenterPage.tsx+%255Bapp-client%255D+%2528ecmascript%2529:4608:9)
    at executeDispatch (http://localhost:3001/_next/static/chunks/a266a_next_dist_compiled_react-dom_f0bbb541._.js:10314:13)
    at runWithFiberInDEV (http://localhost:3001/_next/static/chunks/a266a_next_dist_compiled_react-dom_f0bbb541._.js:965:74)
    at processDispatchQueue (http://localhost:3001/_next/static/chunks/a266a_next_dist_compiled_react-dom_f0bbb541._.js:10340:41)
    at http://localhost:3001/_next/static/chunks/a266a_next_dist_compiled_react-dom_f0bbb541._.js:10615:13
    at batchedUpdates$1 (http://localhost:3001/_next/static/chunks/a266a_next_dist_compiled_react-dom_f0bbb541._.js:2253:44)
    at dispatchEventForPluginEventSystem (http://localhost:3001/_next/static/chunks/a266a_next_dist_compiled_react-dom_f0bbb541._.js:10416:9)
    at dispatchEvent (http://localhost:3001/_next/static/chunks/a266a_next_dist_compiled_react-dom_f0bbb541._.js:12935:37)
    at dispatchDiscreteEvent (http://localhost:3001/_next/static/chunks/a266a_next_dist_compiled_react-dom_f0bbb541._.js:12917:64)
    at eval (eval at evaluate (:302:30), <anonymous>:7:9)
    at UtilityScript.evaluate (<anonymous>:304:16)
    at UtilityScript.<anonymous> (<anonymous>:1:44)
[  146536ms] [LOG] [Fast Refresh] rebuilding @ http://localhost:3001/_next/static/chunks/a266a_next_dist_cfedd8c2._.js:2297
[  146576ms] [ERROR] %o

%s ReferenceError: isKbMode is not defined
    at eval (http://localhost:3001/_next/static/chunks/guitarforge_src_components_LearningCenterPage_tsx_7479d8cc._.js?id=%255Bproject%255D%252Fguitarforge%252Fsrc%252Fcomponents%252FLearningCenterPage.tsx+%255Bapp-client%255D+%2528ecmascript%2529:8582:53)
    at Array.map (<anonymous>)
    at eval (http://localhost:3001/_next/static/chunks/guitarforge_src_components_LearningCenterPage_tsx_7479d8cc._.js?id=%255Bproject%255D%252Fguitarforge%252Fsrc%252Fcomponents%252FLearningCenterPage.tsx+%255Bapp-client%255D+%2528ecmascript%2529:6707:51)
    at LearningCenterPage (http://localhost:3001/_next/static/chunks/guitarforge_src_components_LearningCenterPage_tsx_7479d8cc._.js?id=%255Bproject%255D%252Fguitarforge%252Fsrc%252Fcomponents%252FLearningCenterPage.tsx+%255Bapp-client%255D+%2528ecmascript%2529:10243:19)
    at Object.react_stack_bottom_frame (http://localhost:3001/_next/static/chunks/a266a_next_dist_compiled_react-dom_f0bbb541._.js:14826:24)
    at renderWithHooks (http://localhost:3001/_next/static/chunks/a266a_next_dist_compiled_react-dom_f0bbb541._.js:4651:24)
    at updateFunctionComponent (http://localhost:3001/_next/static/chunks/a266a_next_dist_compiled_react-dom_f0bbb541._.js:6112:21)
    at beginWork (http://localhost:3001/_next/static/chunks/a266a_next_dist_compiled_react-dom_f0bbb541._.js:6708:24)
    at runWithFiberInDEV (http://localhost:3001/_next/static/chunks/a266a_next_dist_compiled_react-dom_f0bbb541._.js:965:74)
    at performUnitOfWork (http://localhost:3001/_next/static/chunks/a266a_next_dist_compiled_react-dom_f0bbb541._.js:9562:97)
    at workLoopSync (http://localhost:3001/_next/static/chunks/a266a_next_dist_compiled_react-dom_f0bbb541._.js:9456:40)
    at renderRootSync (http://localhost:3001/_next/static/chunks/a266a_next_dist_compiled_react-dom_f0bbb541._.js:9440:13)
    at performWorkOnRoot (http://localhost:3001/_next/static/chunks/a266a_next_dist_compiled_react-dom_f0bbb541._.js:9105:47)
    at performSyncWorkOnRoot (http://localhost:3001/_next/static/chunks/a266a_next_dist_compiled_react-dom_f0bbb541._.js:10238:9)
    at flushSyncWorkAcrossRoots_impl (http://localhost:3001/_next/static/chunks/a266a_next_dist_compiled_react-dom_f0bbb541._.js:10154:316)
    at flushSyncWork$1 (http://localhost:3001/_next/static/chunks/a266a_next_dist_compiled_react-dom_f0bbb541._.js:9237:86)
    at Object.scheduleRefresh (http://localhost:3001/_next/static/chunks/a266a_next_dist_compiled_react-dom_f0bbb541._.js:299:13)
    at http://localhost:3001/_next/static/chunks/a266a_next_dist_compiled_0bd212c3._.js:391:33
    at Set.forEach (<anonymous>)
    at Object.performReactRefresh (http://localhost:3001/_next/static/chunks/a266a_next_dist_compiled_0bd212c3._.js:384:38)
    at applyUpdate (http://localhost:3001/_next/static/chunks/a266a_next_dist_compiled_0bd212c3._.js:878:31)
    at http://localhost:3001/_next/static/chunks/a266a_next_dist_compiled_0bd212c3._.js:886:13 The above error occurred in the <LearningCenterPage> component. It was handled by the <ErrorBoundary> error boundary. @ http://localhost:3001/_next/static/chunks/a266a_next_dist_client_19de02f4._.js:1342
[  146588ms] [LOG] [Fast Refresh] done in 119ms @ http://localhost:3001/_next/static/chunks/a266a_next_dist_cfedd8c2._.js:2297
[  153354ms] [LOG] [Fast Refresh] rebuilding @ http://localhost:3001/_next/static/chunks/a266a_next_dist_cfedd8c2._.js:2297
[  153632ms] [LOG] [Fast Refresh] done in 388ms @ http://localhost:3001/_next/static/chunks/a266a_next_dist_cfedd8c2._.js:2297
[  156080ms] [LOG] [Fast Refresh] rebuilding @ http://localhost:3001/_next/static/chunks/a266a_next_dist_cfedd8c2._.js:2297
[  156120ms] [LOG] [Fast Refresh] done in 102ms @ http://localhost:3001/_next/static/chunks/a266a_next_dist_cfedd8c2._.js:2297
