[      71ms] [INFO] %cDownload the React DevTools for a better development experience: https://react.dev/link/react-devtools font-weight:bold @ http://localhost:3001/_next/static/chunks/a266a_next_dist_cfedd8c2._.js:2297
[      86ms] [LOG] [HMR] connected @ http://localhost:3001/_next/static/chunks/a266a_next_dist_cfedd8c2._.js:2297
[   25801ms] [LOG] [Fast Refresh] rebuilding @ http://localhost:3001/_next/static/chunks/a266a_next_dist_cfedd8c2._.js:2297
[   26113ms] [LOG] [Fast Refresh] done in 417ms @ http://localhost:3001/_next/static/chunks/a266a_next_dist_cfedd8c2._.js:2297
[  141003ms] [LOG] [Fast Refresh] rebuilding @ http://localhost:3001/_next/static/chunks/a266a_next_dist_cfedd8c2._.js:2297
[  141003ms] [LOG] [Fast Refresh] done in 107ms @ http://localhost:3001/_next/static/chunks/a266a_next_dist_cfedd8c2._.js:2297
[  179248ms] [LOG] [Fast Refresh] rebuilding @ http://localhost:3001/_next/static/chunks/a266a_next_dist_cfedd8c2._.js:2297
[  179545ms] [LOG] [Fast Refresh] done in 405ms @ http://localhost:3001/_next/static/chunks/a266a_next_dist_cfedd8c2._.js:2297
[  257248ms] [LOG] [Fast Refresh] rebuilding @ http://localhost:3001/_next/static/chunks/a266a_next_dist_cfedd8c2._.js:2297
[  257546ms] [LOG] [Fast Refresh] done in 408ms @ http://localhost:3001/_next/static/chunks/a266a_next_dist_cfedd8c2._.js:2297
[  257670ms] [LOG] [Fast Refresh] rebuilding @ http://localhost:3001/_next/static/chunks/a266a_next_dist_cfedd8c2._.js:2297
[  257670ms] [LOG] [Fast Refresh] done in 107ms @ http://localhost:3001/_next/static/chunks/a266a_next_dist_cfedd8c2._.js:2297
[  322189ms] [LOG] [Fast Refresh] rebuilding @ http://localhost:3001/_next/static/chunks/a266a_next_dist_cfedd8c2._.js:2297
[  322502ms] [LOG] [Fast Refresh] done in 422ms @ http://localhost:3001/_next/static/chunks/a266a_next_dist_cfedd8c2._.js:2297
[  356723ms] [LOG] [Fast Refresh] rebuilding @ http://localhost:3001/_next/static/chunks/a266a_next_dist_cfedd8c2._.js:2297
[  357020ms] [LOG] [Fast Refresh] done in 406ms @ http://localhost:3001/_next/static/chunks/a266a_next_dist_cfedd8c2._.js:2297
[  405578ms] [LOG] [Fast Refresh] rebuilding @ http://localhost:3001/_next/static/chunks/a266a_next_dist_cfedd8c2._.js:2297
[  405878ms] [LOG] [Fast Refresh] done in 409ms @ http://localhost:3001/_next/static/chunks/a266a_next_dist_cfedd8c2._.js:2297
[  437041ms] [LOG] [Fast Refresh] rebuilding @ http://localhost:3001/_next/static/chunks/a266a_next_dist_cfedd8c2._.js:2297
[  437337ms] [LOG] [Fast Refresh] done in 406ms @ http://localhost:3001/_next/static/chunks/a266a_next_dist_cfedd8c2._.js:2297
[  487426ms] [LOG] [Fast Refresh] rebuilding @ http://localhost:3001/_next/static/chunks/a266a_next_dist_cfedd8c2._.js:2297
[  487707ms] [LOG] [Fast Refresh] done in 389ms @ http://localhost:3001/_next/static/chunks/a266a_next_dist_cfedd8c2._.js:2297
[  580230ms] [LOG] [Fast Refresh] rebuilding @ http://localhost:3001/_next/static/chunks/a266a_next_dist_cfedd8c2._.js:2297
[  580543ms] [LOG] [Fast Refresh] done in 422ms @ http://localhost:3001/_next/static/chunks/a266a_next_dist_cfedd8c2._.js:2297
[  611548ms] [LOG] [Fast Refresh] rebuilding @ http://localhost:3001/_next/static/chunks/a266a_next_dist_cfedd8c2._.js:2297
[  611831ms] [LOG] [Fast Refresh] done in 392ms @ http://localhost:3001/_next/static/chunks/a266a_next_dist_cfedd8c2._.js:2297
[  734293ms] [LOG] [Fast Refresh] rebuilding @ http://localhost:3001/_next/static/chunks/a266a_next_dist_cfedd8c2._.js:2297
[  734332ms] [LOG] [Fast Refresh] done in 111ms @ http://localhost:3001/_next/static/chunks/a266a_next_dist_cfedd8c2._.js:2297
[  735333ms] [LOG] [Fast Refresh] rebuilding @ http://localhost:3001/_next/static/chunks/a266a_next_dist_cfedd8c2._.js:2297
[  735365ms] [LOG] [Fast Refresh] done in 110ms @ http://localhost:3001/_next/static/chunks/a266a_next_dist_cfedd8c2._.js:2297
[  736347ms] [LOG] [Fast Refresh] rebuilding @ http://localhost:3001/_next/static/chunks/a266a_next_dist_cfedd8c2._.js:2297
[  736379ms] [LOG] [Fast Refresh] done in 111ms @ http://localhost:3001/_next/static/chunks/a266a_next_dist_cfedd8c2._.js:2297
