[ 3922510ms] [LOG] [Fast Refresh] rebuilding @ http://localhost:3001/_next/static/chunks/a266a_next_dist_cfedd8c2._.js:2297
[ 3922522ms] [LOG] [Fast Refresh] done in 97ms @ http://localhost:3001/_next/static/chunks/a266a_next_dist_cfedd8c2._.js:2297
[ 3922644ms] [LOG] [Fast Refresh] rebuilding @ http://localhost:3001/_next/static/chunks/a266a_next_dist_cfedd8c2._.js:2297
[ 3922666ms] [LOG] [Fast Refresh] done in 105ms @ http://localhost:3001/_next/static/chunks/a266a_next_dist_cfedd8c2._.js:2297
[ 3927753ms] [LOG] [Fast Refresh] rebuilding @ http://localhost:3001/_next/static/chunks/a266a_next_dist_cfedd8c2._.js:2297
[ 3927769ms] [LOG] [Fast Refresh] done in 111ms @ http://localhost:3001/_next/static/chunks/a266a_next_dist_cfedd8c2._.js:2297
[ 3929609ms] [LOG] [Fast Refresh] rebuilding @ http://localhost:3001/_next/static/chunks/a266a_next_dist_cfedd8c2._.js:2297
[ 3929984ms] [LOG] [Fast Refresh] done in 474ms @ http://localhost:3001/_next/static/chunks/a266a_next_dist_cfedd8c2._.js:2297
[ 3930618ms] [LOG] [Fast Refresh] rebuilding @ http://localhost:3001/_next/static/chunks/a266a_next_dist_cfedd8c2._.js:2297
[ 3930638ms] [LOG] [Fast Refresh] done in 122ms @ http://localhost:3001/_next/static/chunks/a266a_next_dist_cfedd8c2._.js:2297
[ 3930759ms] [LOG] [Fast Refresh] rebuilding @ http://localhost:3001/_next/static/chunks/a266a_next_dist_cfedd8c2._.js:2297
[ 3930918ms] [LOG] [Fast Refresh] done in 269ms @ http://localhost:3001/_next/static/chunks/a266a_next_dist_cfedd8c2._.js:2297
[ 3932806ms] [LOG] [Fast Refresh] rebuilding @ http://localhost:3001/_next/static/chunks/a266a_next_dist_cfedd8c2._.js:2297
[ 3932865ms] [LOG] [Fast Refresh] done in 95ms @ http://localhost:3001/_next/static/chunks/a266a_next_dist_cfedd8c2._.js:2297
[ 3938022ms] [LOG] [Fast Refresh] rebuilding @ http://localhost:3001/_next/static/chunks/a266a_next_dist_cfedd8c2._.js:2297
[ 3938081ms] [LOG] [Fast Refresh] done in 81ms @ http://localhost:3001/_next/static/chunks/a266a_next_dist_cfedd8c2._.js:2297
[ 3956303ms] [LOG] [Fast Refresh] rebuilding @ http://localhost:3001/_next/static/chunks/a266a_next_dist_cfedd8c2._.js:2297
[ 3956303ms] [LOG] [Fast Refresh] done in 107ms @ http://localhost:3001/_next/static/chunks/a266a_next_dist_cfedd8c2._.js:2297
[ 3960322ms] [LOG] [Fast Refresh] rebuilding @ http://localhost:3001/_next/static/chunks/a266a_next_dist_cfedd8c2._.js:2297
[ 3960338ms] [LOG] [Fast Refresh] done in 123ms @ http://localhost:3001/_next/static/chunks/a266a_next_dist_cfedd8c2._.js:2297
[ 3966389ms] [ERROR] WebSocket connection to 'ws://localhost:3001/_next/webpack-hmr?id=SobMp_NabmqTVeVdh9Zxe' failed: Error in connection establishment: net::ERR_CONNECTION_REFUSED @ http://localhost:3001/_next/static/chunks/a266a_next_dist_client_19de02f4._.js:10878
[ 3969758ms] [ERROR] WebSocket connection to 'ws://localhost:3001/_next/webpack-hmr?id=SobMp_NabmqTVeVdh9Zxe' failed: Error in connection establishment: net::ERR_CONNECTION_REFUSED @ http://localhost:3001/_next/static/chunks/a266a_next_dist_client_19de02f4._.js:10878
[ 3970769ms] [LOG] [HMR] connected @ http://localhost:3001/_next/static/chunks/a266a_next_dist_cfedd8c2._.js:2297
[ 3973619ms] [INFO] %cDownload the React DevTools for a better development experience: https://react.dev/link/react-devtools font-weight:bold @ http://localhost:3001/_next/static/chunks/a266a_next_dist_cfedd8c2._.js:2297
[ 3973677ms] [LOG] [HMR] connected @ http://localhost:3001/_next/static/chunks/a266a_next_dist_cfedd8c2._.js:2297
[ 3983313ms] [LOG] [Fast Refresh] rebuilding @ http://localhost:3001/_next/static/chunks/a266a_next_dist_cfedd8c2._.js:2297
[ 3983379ms] [LOG] [Fast Refresh] done in 172ms @ http://localhost:3001/_next/static/chunks/a266a_next_dist_cfedd8c2._.js:2297
