[     104ms] [INFO] %cDownload the React DevTools for a better development experience: https://react.dev/link/react-devtools font-weight:bold @ http://localhost:3000/_next/static/chunks/a266a_next_dist_cfedd8c2._.js:2297
[     175ms] [LOG] [HMR] connected @ http://localhost:3000/_next/static/chunks/a266a_next_dist_cfedd8c2._.js:2297
[   39614ms] [LOG] [Fast Refresh] rebuilding @ http://localhost:3000/_next/static/chunks/a266a_next_dist_cfedd8c2._.js:2297
[   39817ms] [LOG] [Fast Refresh] done in 310ms @ http://localhost:3000/_next/static/chunks/a266a_next_dist_cfedd8c2._.js:2297
[   83131ms] [LOG] [Fast Refresh] rebuilding @ http://localhost:3000/_next/static/chunks/a266a_next_dist_cfedd8c2._.js:2297
[   83366ms] [LOG] [Fast Refresh] done in 344ms @ http://localhost:3000/_next/static/chunks/a266a_next_dist_cfedd8c2._.js:2297
[  650196ms] [LOG] [Fast Refresh] rebuilding @ http://localhost:3000/_next/static/chunks/a266a_next_dist_cfedd8c2._.js:2297
[  650196ms] [LOG] [Fast Refresh] done in 106ms @ http://localhost:3000/_next/static/chunks/a266a_next_dist_cfedd8c2._.js:2297
[  725488ms] [LOG] [Fast Refresh] rebuilding @ http://localhost:3000/_next/static/chunks/a266a_next_dist_cfedd8c2._.js:2297
[  725528ms] [LOG] [Fast Refresh] done in 93ms @ http://localhost:3000/_next/static/chunks/a266a_next_dist_cfedd8c2._.js:2297
[  730192ms] [LOG] [Fast Refresh] rebuilding @ http://localhost:3000/_next/static/chunks/a266a_next_dist_cfedd8c2._.js:2297
[  730267ms] [LOG] [Fast Refresh] done in 147ms @ http://localhost:3000/_next/static/chunks/a266a_next_dist_cfedd8c2._.js:2297
[ 1178852ms] [LOG] [Fast Refresh] rebuilding @ http://localhost:3000/_next/static/chunks/a266a_next_dist_cfedd8c2._.js:2297
[ 1179111ms] [LOG] [Fast Refresh] done in 373ms @ http://localhost:3000/_next/static/chunks/a266a_next_dist_cfedd8c2._.js:2297
[ 1310959ms] [LOG] [Fast Refresh] rebuilding @ http://localhost:3000/_next/static/chunks/a266a_next_dist_cfedd8c2._.js:2297
[ 1310984ms] [LOG] [Fast Refresh] done in 117ms @ http://localhost:3000/_next/static/chunks/a266a_next_dist_cfedd8c2._.js:2297
[ 1316560ms] [LOG] [Fast Refresh] rebuilding @ http://localhost:3000/_next/static/chunks/a266a_next_dist_cfedd8c2._.js:2297
[ 1316600ms] [LOG] [Fast Refresh] done in 95ms @ http://localhost:3000/_next/static/chunks/a266a_next_dist_cfedd8c2._.js:2297
[ 1360678ms] [LOG] [Fast Refresh] rebuilding @ http://localhost:3000/_next/static/chunks/a266a_next_dist_cfedd8c2._.js:2297
[ 1360958ms] [LOG] [Fast Refresh] done in 381ms @ http://localhost:3000/_next/static/chunks/a266a_next_dist_cfedd8c2._.js:2297
[ 1450857ms] [LOG] [Fast Refresh] rebuilding @ http://localhost:3000/_next/static/chunks/a266a_next_dist_cfedd8c2._.js:2297
[ 1450857ms] [LOG] [Fast Refresh] done in 107ms @ http://localhost:3000/_next/static/chunks/a266a_next_dist_cfedd8c2._.js:2297
[ 1462574ms] [LOG] [Fast Refresh] rebuilding @ http://localhost:3000/_next/static/chunks/a266a_next_dist_cfedd8c2._.js:2297
[ 1462686ms] [LOG] [Fast Refresh] done in 181ms @ http://localhost:3000/_next/static/chunks/a266a_next_dist_cfedd8c2._.js:2297
[ 1463743ms] [LOG] [Fast Refresh] rebuilding @ http://localhost:3000/_next/static/chunks/a266a_next_dist_cfedd8c2._.js:2297
[ 1464013ms] [LOG] [Fast Refresh] done in 335ms @ http://localhost:3000/_next/static/chunks/a266a_next_dist_cfedd8c2._.js:2297
[ 1464908ms] [LOG] [Fast Refresh] rebuilding @ http://localhost:3000/_next/static/chunks/a266a_next_dist_cfedd8c2._.js:2297
[ 1464948ms] [LOG] [Fast Refresh] done in 78ms @ http://localhost:3000/_next/static/chunks/a266a_next_dist_cfedd8c2._.js:2297
[ 1467574ms] [LOG] [Fast Refresh] rebuilding @ http://localhost:3000/_next/static/chunks/a266a_next_dist_cfedd8c2._.js:2297
[ 1467615ms] [LOG] [Fast Refresh] done in 91ms @ http://localhost:3000/_next/static/chunks/a266a_next_dist_cfedd8c2._.js:2297
[ 1469113ms] [LOG] [Fast Refresh] rebuilding @ http://localhost:3000/_next/static/chunks/a266a_next_dist_cfedd8c2._.js:2297
[ 1469154ms] [LOG] [Fast Refresh] done in 77ms @ http://localhost:3000/_next/static/chunks/a266a_next_dist_cfedd8c2._.js:2297
[ 1471363ms] [LOG] [Fast Refresh] rebuilding @ http://localhost:3000/_next/static/chunks/a266a_next_dist_cfedd8c2._.js:2297
[ 1471406ms] [LOG] [Fast Refresh] done in 72ms @ http://localhost:3000/_next/static/chunks/a266a_next_dist_cfedd8c2._.js:2297
[ 1472468ms] [LOG] [Fast Refresh] rebuilding @ http://localhost:3000/_next/static/chunks/a266a_next_dist_cfedd8c2._.js:2297
[ 1472507ms] [LOG] [Fast Refresh] done in 76ms @ http://localhost:3000/_next/static/chunks/a266a_next_dist_cfedd8c2._.js:2297
[ 1474470ms] [LOG] [Fast Refresh] rebuilding @ http://localhost:3000/_next/static/chunks/a266a_next_dist_cfedd8c2._.js:2297
[ 1474511ms] [LOG] [Fast Refresh] done in 73ms @ http://localhost:3000/_next/static/chunks/a266a_next_dist_cfedd8c2._.js:2297
[ 1475505ms] [LOG] [Fast Refresh] rebuilding @ http://localhost:3000/_next/static/chunks/a266a_next_dist_cfedd8c2._.js:2297
[ 1475547ms] [LOG] [Fast Refresh] done in 90ms @ http://localhost:3000/_next/static/chunks/a266a_next_dist_cfedd8c2._.js:2297
[ 1493593ms] [LOG] [Fast Refresh] rebuilding @ http://localhost:3000/_next/static/chunks/a266a_next_dist_cfedd8c2._.js:2297
[ 1493635ms] [LOG] [Fast Refresh] done in 76ms @ http://localhost:3000/_next/static/chunks/a266a_next_dist_cfedd8c2._.js:2297
[ 1538683ms] [LOG] [Fast Refresh] rebuilding @ http://localhost:3000/_next/static/chunks/a266a_next_dist_cfedd8c2._.js:2297
[ 1538974ms] [LOG] [Fast Refresh] done in 392ms @ http://localhost:3000/_next/static/chunks/a266a_next_dist_cfedd8c2._.js:2297
