[     594ms] [WARNING] document.domain mutation is ignored because the surrounding agent cluster is origin-keyed. @ https://tabs.ultimate-guitar.com/tab/led-zeppelin/stairway-to-heaven-guitar-pro-223796:99
[     934ms] [INFO] Images loaded lazily and replaced with placeholders. Load events are deferred. See https://go.microsoft.com/fwlink/?linkid=2048113 @ https://tabs.ultimate-guitar.com/tab/led-zeppelin/stairway-to-heaven-guitar-pro-223796:0
[    1213ms] [WARNING] [GSI_LOGGER]: Your client application uses one of the Google One Tap prompt UI status methods that may stop functioning when FedCM becomes mandatory. Refer to the migration guide to update your code accordingly and opt-in to FedCM to test your changes. Learn more: https://developers.google.com/identity/gsi/web/guides/fedcm-migration?s=dc#display_moment and https://developers.google.com/identity/gsi/web/guides/fedcm-migration?s=dc#skipped_moment @ https://accounts.google.com/gsi/client:84
[    1337ms] [WARNING] [GPT] Using deprecated googletag.encryptedSignalProviders. Please use googletag.secureSignalProviders instead.
https://goo.gle/gpt-message#155 @ https://securepubads.g.doubleclick.net/pagead/managed/js/gpt/m202604090101/pubads_impl.js:18
[    1844ms] [INFO] Running... @ https://tabs.ultimate-guitar.com/static/public/ug/player/native/3.4.4-stable.21710635272/xtz_audio_worklet_worker.js:22
[    1847ms] [INFO] [xtzaudio] onRuntimeInitialized @ https://tabs.ultimate-guitar.com/static/public/ug/player/native/3.4.4-stable.21710635272/xtz_audio_worklet_worker.js:33
[    1849ms] [INFO]  @ https://tabs.ultimate-guitar.com/static/public/ug/player/native/3.4.4-stable.21710635272/xtz_audio_worklet_worker.js:22
[    5110ms] [INFO] Powered by AMP ⚡ HTML – Version 2603032146000 https://tabs.ultimate-guitar.com/tab/led-zeppelin/stairway-to-heaven-guitar-pro-223796 @ https://cdn.ampproject.org/rtv/012603032146000/amp4ads-v0.js:1
[    5245ms] [WARNING] [amp-analytics/transport] Response unparseable or failed to send image request https://securepubads.g.doubleclick.net/btr/view?ai=CIP8TzE3eaaf4AszLwuIPgJGO-QSK_tmNhgHUrq_enhTy94zK4UYQASDRxashYPnS84OYEKABsrHZwgPIAQbgAgCoAwHIAwqqBOcCT9DyJxRGHtcnOTDx4ZltwQLo2eIXPaZRjI1K1oGR1vJObA4W9KVW8F93sSY4H5G2Mfla8v3Yi8tKl7Sk1al-gr0lsqoAXHFDomfkSvobU4HuAeoRbCExmIKhucKJr47RFx1XQxVLQ9Q7OygmNM_J-8lK1XZcnfBYODWMvg95SbgHos2-07qQlHq4jy3tuAi9_gCD3ckwa84D17CmQutEfi3xkn8zza7Hqw0fKE9ApznMTgUV-V9OD5S58ms8tQGR2E4rTxdEV6Xlb41OOSluZkeN-ERdIbu2FGCWb4i38DY5WeS-j5vDiSHa_OKTMHuPYpT5YjU64jkZMiD6YyjCWuY17SGj5IB-4s-b2AVCvLq6lCh6zzeELFeYHuba6L4mzKLJBwvdKMJmC_11t-IsMOJKrvTlc9TOpGxeyvPlfRYO_ly62QiCkGIiocl0r9c_vjJxVnXUgMOCItz1oJlow7fZKy63aIfABJLzn_ydBeAEAYgF7faNqFOSBQQIBBgBkgUECAUYBIAHts6mPagHp8yxAqgH4tixAqgHpr4bqAfMzrECqAfz0RuoB5bYG6gHqpuxAqgHjs4bqAeT2BuoB_DgG6gH7paxAqgH_p6xAqgHr76xAqgHmuGxAqgH1ckbqAfZtrECqAf3wrEC2AcB8gcEEKWaD9IILwiAYRABGJ0BMgiKgoCAgICACDoNgECAwICAgICogAKoA0i9_cE6WNWkorTF7ZMDmgnZAWh0dHBzOi8vemFwcHlzeXMuY29tL3Byb2R1Y3RzL3NzaXMtcG93ZXJwYWNrLz91dG1fc291cmNlPWdvb2dsZSZ1dG1fbWVkaXVtPWNwYyZ1dG1fY2FtcGFpZ249YWltZXJzX21vZnVfZF9jdXN0b21faW50ZW50X3NzaXNfc3BlY2lmaWNfZmVhdHVyZXMmdXRtX2NvbnRlbnQ9NzQwNDk1ODk5MzgyJnV0bV90ZXJtPSZnYWRfc291cmNlPTUmZ2FkX2NhbXBhaWduaWQ9MjIzNjQyNTcxMzOACgPICwGiDAOQAQHaDBAKChDAl_qhze_a7lQSAgEDqg0CSUziDRMI1_qitMXtkwMVzKVQBh2AiCNP6g0TCOi3o7TF7ZMDFcylUAYdgIgjT4gO____________AdgTDNAVAZgWAcoWAgoA-BYBgBcBshcuChwIABIUcHViLTI5NTY0NzM2MDA3OTIzMzkY0akhGAEqCjkwMzE5ODkyNDdQBroXAjgBqhgXCQAAAAAoaQ5BEgo5MDMxOTg5MjQ3GAGyGAkSArFfGAEiAQDQGAHoGAHCGQIIAQ&sigh=ErT0E6_7Om8&uach_m=%5B%5D&ase=2&nis=4&cid=CAQS0QEABaugfaH84KwrsqcMHsMT0XNIBiu9pAcy_aIKuN-FEhf83LJfEZJQwabcrZ-efIPq4UZaGjHh0_LSeBmkw7loOJWalSyaIfvFww1vd4MjdGfqRJYzKo0AyDH4L8xKxVy3Z3knvQPEQZxZX9AkKeRtn1J_c6NZ5iQtBiPyvlXsTInctmjE7Jb83yDXQEzWb1r0DpQtjr17zYzq3n2Da_bq2kNtGe1Af-ONfRf2lCEL0Vhigqm5hBMYgwmoyrKGcPx54iZI33-js6Lu4jPVjuDsNhgB&template_id=492&ibtr=1 @ https://cdn.ampproject.org/rtv/012603032146000/amp4ads-v0.js:1
[    5807ms] [ERROR] Failed to load resource: the server responded with a status of 404 () @ https://cs.krushmedia.com/4831fbf13dd518a56346a6e0ec8ba9d5.gif?puid=ID5-1-0bbccb33-d984-4652-8d38-d68c1958e85a&redir=https%3A%2F%2Fsync.inmobi.com%2Fsetuid%3FbidderID%3D1315%26dspUserId%3D%5BUID%5D&gdpr=0&gdpr_consent=:0
[    7830ms] [ERROR] Failed to load resource: net::ERR_NAME_NOT_RESOLVED @ https://sync.search.spotxchange.com/partner?adv_id=7715&uid=7320555698682040069:0
[    7855ms] [LOG] Ignoring gdpr_consent param, it should be a non empty value @ https://acdn.adnxs.com/prebid/universal-creative/load-cookie.html?max_sync_count=30&gdpr=0&gdpr_consent=&account=&source=amp:9
[    8090ms] [LOG] Invoking image pixel user sync for bidder: "cpmstar" @ https://acdn.adnxs.com/prebid/universal-creative/load-cookie.html?max_sync_count=30&gdpr=0&gdpr_consent=&account=&source=amp:9
[    5807ms] [ERROR] Failed to load resource: the server responded with a status of 404 () @ https://cs.krushmedia.com/4831fbf13dd518a56346a6e0ec8ba9d5.gif?puid=ID5-1-0bbccb33-d984-4652-8d38-d68c1958e85a&redir=https%3A%2F%2Fsync.inmobi.com%2Fsetuid%3FbidderID%3D1315%26dspUserId%3D%5BUID%5D&gdpr=0&gdpr_consent=:0
[    8391ms] [VERBOSE] [DOM] Input elements should have autocomplete attributes (suggested: "current-password"): (More info: https://www.chromium.org/developers/design-documents/create-amazing-password-forms) %o @ https://tabs.ultimate-guitar.com/tab/led-zeppelin/stairway-to-heaven-guitar-pro-223796:0
[    9420ms] [LOG] Invoking image pixel user sync for bidder: "sonobi" @ https://acdn.adnxs.com/prebid/universal-creative/load-cookie.html?max_sync_count=30&gdpr=0&gdpr_consent=&account=&source=amp:9
[    9696ms] [LOG] Invoking image pixel user sync for bidder: "acuityads" @ https://acdn.adnxs.com/prebid/universal-creative/load-cookie.html?max_sync_count=30&gdpr=0&gdpr_consent=&account=&source=amp:9
[   10004ms] [ERROR] Failed to load resource: net::ERR_TOO_MANY_REDIRECTS @ https://measureadv.com/userBack?uid=7320555698682040069&gdpr={GDPR}&gdpr_consent={GDPR_CONSENT}&p=7:0
[   11492ms] [ERROR] Cross-Origin-Opener-Policy policy would block the window.closed call. @ https://tabs.ultimate-guitar.com/static/public/build/ug_react_i18n_es6/202604/5729.d12bd1193a23502f99a4d8a93a7ebc31.js:0
[   11492ms] [ERROR] Cross-Origin-Opener-Policy policy would block the window.closed call. @ https://tabs.ultimate-guitar.com/static/public/build/ug_react_i18n_es6/202604/5729.d12bd1193a23502f99a4d8a93a7ebc31.js:0
[   38408ms] [LOG] Invoking image pixel user sync for bidder: "qt" @ https://acdn.adnxs.com/prebid/universal-creative/load-cookie.html?max_sync_count=30&gdpr=0&gdpr_consent=&account=&source=amp:9
[   38581ms] [ERROR] Cross-Origin-Opener-Policy policy would block the window.closed call. @ https://tabs.ultimate-guitar.com/static/public/build/ug_react_i18n_es6/202604/5729.d12bd1193a23502f99a4d8a93a7ebc31.js:0
[   38581ms] [ERROR] Cross-Origin-Opener-Policy policy would block the window.closed call. @ https://tabs.ultimate-guitar.com/static/public/build/ug_react_i18n_es6/202604/5729.d12bd1193a23502f99a4d8a93a7ebc31.js:0
[   39128ms] [ERROR] Failed to load resource: the server responded with a status of 404 (Not Found) @ https://cs.qt.io/pbserver?gdpr=&gdpr_consent=&us_privacy=&gpp=&gpp_sid=&redir=https%3A%2F%2Fib.adnxs.com%2Fprebid%2Fsetuid%3Fbidder%3Dqt%26gdpr%3D%26gdpr_consent%3D%26gpp%3D%26gpp_sid%3D%26f%3Di%26uid%3D%5BUID%5D:0
[   39128ms] [LOG] Invoking image pixel user sync for bidder: "unruly" @ https://acdn.adnxs.com/prebid/universal-creative/load-cookie.html?max_sync_count=30&gdpr=0&gdpr_consent=&account=&source=amp:9
[   39447ms] [LOG] Invoking image pixel user sync for bidder: "pubrise" @ https://acdn.adnxs.com/prebid/universal-creative/load-cookie.html?max_sync_count=30&gdpr=0&gdpr_consent=&account=&source=amp:9
[   39496ms] [ERROR] Failed to load resource: net::ERR_NAME_NOT_RESOLVED @ https://sync.pubrise.ai/pbserver?gdpr=&gdpr_consent=&ccpa=&gpp=&gpp_sid=&redir=https%3A%2F%2Fib.adnxs.com%2Fprebid%2Fsetuid%3Fbidder%3Dpubrise%26gdpr%3D%26gdpr_consent%3D%26gpp%3D%26gpp_sid%3D%26f%3Di%26uid%3D%5BUID%5D:0
[   39496ms] [LOG] Invoking image pixel user sync for bidder: "adform" @ https://acdn.adnxs.com/prebid/universal-creative/load-cookie.html?max_sync_count=30&gdpr=0&gdpr_consent=&account=&source=amp:9
[   39639ms] [LOG] Invoking image pixel user sync for bidder: "bidgency" @ https://acdn.adnxs.com/prebid/universal-creative/load-cookie.html?max_sync_count=30&gdpr=0&gdpr_consent=&account=&source=amp:9
[   39821ms] [LOG] Invoking image pixel user sync for bidder: "smartadserver" @ https://acdn.adnxs.com/prebid/universal-creative/load-cookie.html?max_sync_count=30&gdpr=0&gdpr_consent=&account=&source=amp:9
[   40139ms] [LOG] Invoking image pixel user sync for bidder: "alchemyx" @ https://acdn.adnxs.com/prebid/universal-creative/load-cookie.html?max_sync_count=30&gdpr=0&gdpr_consent=&account=&source=amp:9
[   40378ms] [LOG] Invoking image pixel user sync for bidder: "easybid" @ https://acdn.adnxs.com/prebid/universal-creative/load-cookie.html?max_sync_count=30&gdpr=0&gdpr_consent=&account=&source=amp:9
[   40494ms] [LOG] Invoking image pixel user sync for bidder: "pgamssp" @ https://acdn.adnxs.com/prebid/universal-creative/load-cookie.html?max_sync_count=30&gdpr=0&gdpr_consent=&account=&source=amp:9
[   40995ms] [LOG] Invoking image pixel user sync for bidder: "ogury" @ https://acdn.adnxs.com/prebid/universal-creative/load-cookie.html?max_sync_count=30&gdpr=0&gdpr_consent=&account=&source=amp:9
[   41894ms] [LOG] Invoking image pixel user sync for bidder: "smoot" @ https://acdn.adnxs.com/prebid/universal-creative/load-cookie.html?max_sync_count=30&gdpr=0&gdpr_consent=&account=&source=amp:9
[   42396ms] [LOG] Invoking image pixel user sync for bidder: "connatix" @ https://acdn.adnxs.com/prebid/universal-creative/load-cookie.html?max_sync_count=30&gdpr=0&gdpr_consent=&account=&source=amp:9
[   42645ms] [LOG] Invoking image pixel user sync for bidder: "videobyte" @ https://acdn.adnxs.com/prebid/universal-creative/load-cookie.html?max_sync_count=30&gdpr=0&gdpr_consent=&account=&source=amp:9
[   43139ms] [LOG] Invoking image pixel user sync for bidder: "telaria_split" @ https://acdn.adnxs.com/prebid/universal-creative/load-cookie.html?max_sync_count=30&gdpr=0&gdpr_consent=&account=&source=amp:9
[   43859ms] [LOG] Invoking image pixel user sync for bidder: "nextmillennium" @ https://acdn.adnxs.com/prebid/universal-creative/load-cookie.html?max_sync_count=30&gdpr=0&gdpr_consent=&account=&source=amp:9
[   44459ms] [LOG] Invoking image pixel user sync for bidder: "bidtheatre" @ https://acdn.adnxs.com/prebid/universal-creative/load-cookie.html?max_sync_count=30&gdpr=0&gdpr_consent=&account=&source=amp:9
[   44843ms] [LOG] Invoking image pixel user sync for bidder: "sa_lunamedia" @ https://acdn.adnxs.com/prebid/universal-creative/load-cookie.html?max_sync_count=30&gdpr=0&gdpr_consent=&account=&source=amp:9
[   44875ms] [ERROR] Failed to load resource: net::ERR_NAME_NOT_RESOLVED @ https://cookie.lmgssp.com/pserver?gdpr=&gdpr_consent=&ccpa=&redirect=https%3A%2F%2Fib.adnxs.com%2Fprebid%2Fsetuid%3Fbidder%3Dsa_lunamedia%26gdpr%3D%26gdpr_consent%3D%26gpp%3D%26gpp_sid%3D%26f%3Di%26uid%3D%5BUID%5D:0
[   44875ms] [LOG] Invoking image pixel user sync for bidder: "ccx" @ https://acdn.adnxs.com/prebid/universal-creative/load-cookie.html?max_sync_count=30&gdpr=0&gdpr_consent=&account=&source=amp:9
[   45120ms] [LOG] Invoking image pixel user sync for bidder: "openx" @ https://acdn.adnxs.com/prebid/universal-creative/load-cookie.html?max_sync_count=30&gdpr=0&gdpr_consent=&account=&source=amp:9
[   45270ms] [LOG] Invoking image pixel user sync for bidder: "globalsun" @ https://acdn.adnxs.com/prebid/universal-creative/load-cookie.html?max_sync_count=30&gdpr=0&gdpr_consent=&account=&source=amp:9
[   47653ms] [ERROR] Failed to load resource: net::ERR_CONNECTION_REFUSED @ https://cs.globalsun.io/pbserver?gdpr=&gdpr_consent=&us_privacy=&redir=https%3A%2F%2Fib.adnxs.com%2Fprebid%2Fsetuid%3Fbidder%3Dglobalsun%26gdpr%3D%26gdpr_consent%3D%26gpp%3D%26gpp_sid%3D%26f%3Di%26uid%3D%5BUID%5D:0
[   47653ms] [LOG] Invoking image pixel user sync for bidder: "taboola" @ https://acdn.adnxs.com/prebid/universal-creative/load-cookie.html?max_sync_count=30&gdpr=0&gdpr_consent=&account=&source=amp:9
[   47975ms] [LOG] Invoking image pixel user sync for bidder: "bliink" @ https://acdn.adnxs.com/prebid/universal-creative/load-cookie.html?max_sync_count=30&gdpr=0&gdpr_consent=&account=&source=amp:9
[   48232ms] [LOG] Invoking image pixel user sync for bidder: "exco" @ https://acdn.adnxs.com/prebid/universal-creative/load-cookie.html?max_sync_count=30&gdpr=0&gdpr_consent=&account=&source=amp:9
[   48869ms] [LOG] Invoking image pixel user sync for bidder: "adot" @ https://acdn.adnxs.com/prebid/universal-creative/load-cookie.html?max_sync_count=30&gdpr=0&gdpr_consent=&account=&source=amp:9
[   49192ms] [LOG] Invoking image pixel user sync for bidder: "152media" @ https://acdn.adnxs.com/prebid/universal-creative/load-cookie.html?max_sync_count=30&gdpr=0&gdpr_consent=&account=&source=amp:9
[   49915ms] [LOG] Invoking image pixel user sync for bidder: "tpmn" @ https://acdn.adnxs.com/prebid/universal-creative/load-cookie.html?max_sync_count=30&gdpr=0&gdpr_consent=&account=&source=amp:9
[   50325ms] [LOG] Invoking image pixel user sync for bidder: "copper6ssp" @ https://acdn.adnxs.com/prebid/universal-creative/load-cookie.html?max_sync_count=30&gdpr=0&gdpr_consent=&account=&source=amp:9
