[     256ms] [INFO] %cDownload the React DevTools for a better development experience: https://react.dev/link/react-devtools font-weight:bold @ http://localhost:3000/_next/static/chunks/a266a_next_dist_cfedd8c2._.js:2297
[     314ms] [LOG] [HMR] connected @ http://localhost:3000/_next/static/chunks/a266a_next_dist_cfedd8c2._.js:2297
[     430ms] [WARNING] Image with src "/logo.png" has either width or height modified, but not the other. If you use CSS to change the size of your image, also include the styles 'width: "auto"' or 'height: "auto"' to maintain the aspect ratio. @ http://localhost:3000/_next/static/chunks/a266a_next_dist_cfedd8c2._.js:2297
[   25445ms] [LOG] [Fast Refresh] rebuilding @ http://localhost:3000/_next/static/chunks/a266a_next_dist_cfedd8c2._.js:2297
[   25631ms] [LOG] [Fast Refresh] done in 293ms @ http://localhost:3000/_next/static/chunks/a266a_next_dist_cfedd8c2._.js:2297
[   34343ms] [LOG] [Fast Refresh] rebuilding @ http://localhost:3000/_next/static/chunks/a266a_next_dist_cfedd8c2._.js:2297
[   34532ms] [LOG] [Fast Refresh] done in 295ms @ http://localhost:3000/_next/static/chunks/a266a_next_dist_cfedd8c2._.js:2297
[   52764ms] [LOG] [Fast Refresh] rebuilding @ http://localhost:3000/_next/static/chunks/a266a_next_dist_cfedd8c2._.js:2297
[   52981ms] [LOG] [Fast Refresh] done in 323ms @ http://localhost:3000/_next/static/chunks/a266a_next_dist_cfedd8c2._.js:2297
[   67932ms] [LOG] [Fast Refresh] rebuilding @ http://localhost:3000/_next/static/chunks/a266a_next_dist_cfedd8c2._.js:2297
[   68101ms] [LOG] [Fast Refresh] done in 274ms @ http://localhost:3000/_next/static/chunks/a266a_next_dist_cfedd8c2._.js:2297
[   73976ms] [LOG] [Fast Refresh] rebuilding @ http://localhost:3000/_next/static/chunks/a266a_next_dist_cfedd8c2._.js:2297
[   74148ms] [LOG] [Fast Refresh] done in 278ms @ http://localhost:3000/_next/static/chunks/a266a_next_dist_cfedd8c2._.js:2297
[   89096ms] [LOG] [Fast Refresh] rebuilding @ http://localhost:3000/_next/static/chunks/a266a_next_dist_cfedd8c2._.js:2297
[   89268ms] [LOG] [Fast Refresh] done in 280ms @ http://localhost:3000/_next/static/chunks/a266a_next_dist_cfedd8c2._.js:2297
[  101249ms] [LOG] [Fast Refresh] rebuilding @ http://localhost:3000/_next/static/chunks/a266a_next_dist_cfedd8c2._.js:2297
[  101451ms] [LOG] [Fast Refresh] done in 308ms @ http://localhost:3000/_next/static/chunks/a266a_next_dist_cfedd8c2._.js:2297
[  108917ms] [LOG] [Fast Refresh] rebuilding @ http://localhost:3000/_next/static/chunks/a266a_next_dist_cfedd8c2._.js:2297
[  109086ms] [LOG] [Fast Refresh] done in 277ms @ http://localhost:3000/_next/static/chunks/a266a_next_dist_cfedd8c2._.js:2297
[  120057ms] [LOG] [Fast Refresh] rebuilding @ http://localhost:3000/_next/static/chunks/a266a_next_dist_cfedd8c2._.js:2297
[  120274ms] [LOG] [Fast Refresh] done in 326ms @ http://localhost:3000/_next/static/chunks/a266a_next_dist_cfedd8c2._.js:2297
[  133853ms] [LOG] [Fast Refresh] rebuilding @ http://localhost:3000/_next/static/chunks/a266a_next_dist_cfedd8c2._.js:2297
[  134055ms] [LOG] [Fast Refresh] done in 309ms @ http://localhost:3000/_next/static/chunks/a266a_next_dist_cfedd8c2._.js:2297
[  143460ms] [LOG] [Fast Refresh] rebuilding @ http://localhost:3000/_next/static/chunks/a266a_next_dist_cfedd8c2._.js:2297
[  143616ms] [LOG] [Fast Refresh] done in 263ms @ http://localhost:3000/_next/static/chunks/a266a_next_dist_cfedd8c2._.js:2297
[  152114ms] [LOG] [Fast Refresh] rebuilding @ http://localhost:3000/_next/static/chunks/a266a_next_dist_cfedd8c2._.js:2297
[  152299ms] [LOG] [Fast Refresh] done in 293ms @ http://localhost:3000/_next/static/chunks/a266a_next_dist_cfedd8c2._.js:2297
[  159667ms] [LOG] [Fast Refresh] rebuilding @ http://localhost:3000/_next/static/chunks/a266a_next_dist_cfedd8c2._.js:2297
[  159823ms] [LOG] [Fast Refresh] done in 261ms @ http://localhost:3000/_next/static/chunks/a266a_next_dist_cfedd8c2._.js:2297
[  170605ms] [LOG] [Fast Refresh] rebuilding @ http://localhost:3000/_next/static/chunks/a266a_next_dist_cfedd8c2._.js:2297
[  170806ms] [LOG] [Fast Refresh] done in 307ms @ http://localhost:3000/_next/static/chunks/a266a_next_dist_cfedd8c2._.js:2297
[  511680ms] [LOG] [Fast Refresh] rebuilding @ http://localhost:3000/_next/static/chunks/a266a_next_dist_cfedd8c2._.js:2297
[  511998ms] [LOG] [Fast Refresh] done in 419ms @ http://localhost:3000/_next/static/chunks/a266a_next_dist_cfedd8c2._.js:2297
