[    6031ms] [LOG] [Fast Refresh] rebuilding @ http://localhost:3001/_next/static/chunks/a266a_next_dist_cfedd8c2._.js:2297
[    6360ms] [LOG] [Fast Refresh] done in 439ms @ http://localhost:3001/_next/static/chunks/a266a_next_dist_cfedd8c2._.js:2297
[   34260ms] [LOG] [Fast Refresh] rebuilding @ http://localhost:3001/_next/static/chunks/a266a_next_dist_cfedd8c2._.js:2297
[   34572ms] [LOG] [Fast Refresh] done in 419ms @ http://localhost:3001/_next/static/chunks/a266a_next_dist_cfedd8c2._.js:2297
[  169412ms] [LOG] [Fast Refresh] rebuilding @ http://localhost:3001/_next/static/chunks/a266a_next_dist_cfedd8c2._.js:2297
[  169675ms] [LOG] [Fast Refresh] done in 364ms @ http://localhost:3001/_next/static/chunks/a266a_next_dist_cfedd8c2._.js:2297
[  191217ms] [LOG] [Fast Refresh] rebuilding @ http://localhost:3001/_next/static/chunks/a266a_next_dist_cfedd8c2._.js:2297
[  191238ms] [LOG] [Fast Refresh] done in 88ms @ http://localhost:3001/_next/static/chunks/a266a_next_dist_cfedd8c2._.js:2297
[  198991ms] [LOG] [Fast Refresh] rebuilding @ http://localhost:3001/_next/static/chunks/a266a_next_dist_cfedd8c2._.js:2297
[  198998ms] [LOG] [Fast Refresh] done in 103ms @ http://localhost:3001/_next/static/chunks/a266a_next_dist_cfedd8c2._.js:2297
[  205892ms] [LOG] [Fast Refresh] rebuilding @ http://localhost:3001/_next/static/chunks/a266a_next_dist_cfedd8c2._.js:2297
[  205913ms] [LOG] [Fast Refresh] done in 87ms @ http://localhost:3001/_next/static/chunks/a266a_next_dist_cfedd8c2._.js:2297
[  215711ms] [LOG] [Fast Refresh] rebuilding @ http://localhost:3001/_next/static/chunks/a266a_next_dist_cfedd8c2._.js:2297
[  215764ms] [LOG] [Fast Refresh] done in 116ms @ http://localhost:3001/_next/static/chunks/a266a_next_dist_cfedd8c2._.js:2297
[  229617ms] [LOG] [Fast Refresh] rebuilding @ http://localhost:3001/_next/static/chunks/a266a_next_dist_cfedd8c2._.js:2297
[  229636ms] [LOG] [Fast Refresh] done in 92ms @ http://localhost:3001/_next/static/chunks/a266a_next_dist_cfedd8c2._.js:2297
[  240889ms] [LOG] [Fast Refresh] rebuilding @ http://localhost:3001/_next/static/chunks/a266a_next_dist_cfedd8c2._.js:2297
[  240911ms] [LOG] [Fast Refresh] done in 110ms @ http://localhost:3001/_next/static/chunks/a266a_next_dist_cfedd8c2._.js:2297
[  253482ms] [LOG] [Fast Refresh] rebuilding @ http://localhost:3001/_next/static/chunks/a266a_next_dist_cfedd8c2._.js:2297
[  253505ms] [LOG] [Fast Refresh] done in 85ms @ http://localhost:3001/_next/static/chunks/a266a_next_dist_cfedd8c2._.js:2297
[  275737ms] [LOG] [Fast Refresh] rebuilding @ http://localhost:3001/_next/static/chunks/a266a_next_dist_cfedd8c2._.js:2297
[  275811ms] [LOG] [Fast Refresh] done in 130ms @ http://localhost:3001/_next/static/chunks/a266a_next_dist_cfedd8c2._.js:2297
[  276043ms] [LOG] [Fast Refresh] rebuilding @ http://localhost:3001/_next/static/chunks/a266a_next_dist_cfedd8c2._.js:2297
[  276065ms] [LOG] [Fast Refresh] done in 122ms @ http://localhost:3001/_next/static/chunks/a266a_next_dist_cfedd8c2._.js:2297
[  284323ms] [LOG] [Fast Refresh] rebuilding @ http://localhost:3001/_next/static/chunks/a266a_next_dist_cfedd8c2._.js:2297
[  284526ms] [LOG] [Fast Refresh] done in 303ms @ http://localhost:3001/_next/static/chunks/a266a_next_dist_cfedd8c2._.js:2297
