[     169ms] [LOG] [Fast Refresh] rebuilding @ http://localhost:3000/_next/static/chunks/a266a_next_dist_cfedd8c2._.js:2297
[     170ms] [LOG] [Fast Refresh] done in 107ms @ http://localhost:3000/_next/static/chunks/a266a_next_dist_cfedd8c2._.js:2297
[     293ms] [LOG] [Fast Refresh] rebuilding @ http://localhost:3000/_next/static/chunks/a266a_next_dist_cfedd8c2._.js:2297
[     294ms] [LOG] [Fast Refresh] done in 107ms @ http://localhost:3000/_next/static/chunks/a266a_next_dist_cfedd8c2._.js:2297
[    2269ms] SyntaxError: Failed to execute 'importScripts' on 'WorkerGlobalScope': Cannot use import statement outside a module
    at blob:http://localhost:3000/b2d8800c-0c30-4f3d-8aaf-397a4d28ac1e:1:1
[   18676ms] [WARNING] [alphaTab] Play requested but player not ready yet {sfProgress: 0, sfError: null} @ http://localhost:3000/_next/static/chunks/a266a_next_dist_cfedd8c2._.js:2297
[   30606ms] [WARNING] [alphaTab] Play requested but player not ready yet {sfProgress: 0, sfError: null} @ http://localhost:3000/_next/static/chunks/a266a_next_dist_cfedd8c2._.js:2297
[   75972ms] [LOG] [Fast Refresh] rebuilding @ http://localhost:3000/_next/static/chunks/a266a_next_dist_cfedd8c2._.js:2297
[   77221ms] [INFO] %cDownload the React DevTools for a better development experience: https://react.dev/link/react-devtools font-weight:bold @ http://localhost:3000/_next/static/chunks/a266a_next_dist_cfedd8c2._.js:2297
[   77257ms] [LOG] [HMR] connected @ http://localhost:3000/_next/static/chunks/a266a_next_dist_cfedd8c2._.js:2297
[   90663ms] [LOG] [Fast Refresh] rebuilding @ http://localhost:3000/_next/static/chunks/a266a_next_dist_cfedd8c2._.js:2297
[   90667ms] [LOG] [Fast Refresh] done in 108ms @ http://localhost:3000/_next/static/chunks/a266a_next_dist_cfedd8c2._.js:2297
[   92986ms] TypeError: this._transpositionPitches.has is not a function
    at TinySoundFont.channelSetPerNotePitchWheel (http://localhost:3000/alphatab/alphaTab.core.mjs:45189:40)
    at TinySoundFont.processMidiMessage (http://localhost:3000/alphatab/alphaTab.core.mjs:44627:22)
    at TinySoundFont._fillWorkingBuffer (http://localhost:3000/alphatab/alphaTab.core.mjs:44567:22)
    at TinySoundFont.synthesizeSilent (http://localhost:3000/alphatab/alphaTab.core.mjs:44466:14)
    at MidiFileSequencer._mainSilentProcess (http://localhost:3000/alphatab/alphaTab.core.mjs:39874:39)
    at MidiFileSequencer.mainSeek (http://localhost:3000/alphatab/alphaTab.core.mjs:39843:18)
    at set timePosition (http://localhost:3000/alphatab/alphaTab.core.mjs:45827:24)
    at set tickPosition (http://localhost:3000/alphatab/alphaTab.core.mjs:45819:27)
    at AlphaSynthWebWorker.handleMessage (http://localhost:3000/alphatab/alphaTab.core.mjs:57799:43)
    at http://localhost:3000/alphatab/alphaTab.core.mjs:57760:52
[   92986ms] TypeError: this._transpositionPitches.has is not a function
    at TinySoundFont.channelNoteOn (http://localhost:3000/alphatab/alphaTab.core.mjs:44980:40)
    at TinySoundFont.processMidiMessage (http://localhost:3000/alphatab/alphaTab.core.mjs:44600:22)
    at TinySoundFont._fillWorkingBuffer (http://localhost:3000/alphatab/alphaTab.core.mjs:44567:22)
    at TinySoundFont.synthesizeSilent (http://localhost:3000/alphatab/alphaTab.core.mjs:44466:14)
    at MidiFileSequencer._mainSilentProcess (http://localhost:3000/alphatab/alphaTab.core.mjs:39874:39)
    at MidiFileSequencer.mainSeek (http://localhost:3000/alphatab/alphaTab.core.mjs:39843:18)
    at set timePosition (http://localhost:3000/alphatab/alphaTab.core.mjs:45827:24)
    at set tickPosition (http://localhost:3000/alphatab/alphaTab.core.mjs:45819:27)
    at set playbackRange (http://localhost:3000/alphatab/alphaTab.core.mjs:45842:31)
    at AlphaSynthWebWorker.handleMessage (http://localhost:3000/alphatab/alphaTab.core.mjs:57805:44)
[   92986ms] TypeError: this._transpositionPitches.has is not a function
    at TinySoundFont.channelNoteOff (http://localhost:3000/alphatab/alphaTab.core.mjs:44995:40)
    at TinySoundFont.processMidiMessage (http://localhost:3000/alphatab/alphaTab.core.mjs:44604:22)
    at TinySoundFont._fillWorkingBuffer (http://localhost:3000/alphatab/alphaTab.core.mjs:44567:22)
    at TinySoundFont.synthesizeSilent (http://localhost:3000/alphatab/alphaTab.core.mjs:44466:14)
    at MidiFileSequencer._mainSilentProcess (http://localhost:3000/alphatab/alphaTab.core.mjs:39874:39)
    at MidiFileSequencer.mainSeek (http://localhost:3000/alphatab/alphaTab.core.mjs:39843:18)
    at set timePosition (http://localhost:3000/alphatab/alphaTab.core.mjs:45827:24)
    at set tickPosition (http://localhost:3000/alphatab/alphaTab.core.mjs:45819:27)
    at set playbackRange (http://localhost:3000/alphatab/alphaTab.core.mjs:45842:31)
    at AlphaSynthWebWorker.handleMessage (http://localhost:3000/alphatab/alphaTab.core.mjs:57805:44)
[   96531ms] TypeError: this._transpositionPitches.has is not a function
    at TinySoundFont.channelSetPerNotePitchWheel (http://localhost:3000/alphatab/alphaTab.core.mjs:45189:40)
    at TinySoundFont.processMidiMessage (http://localhost:3000/alphatab/alphaTab.core.mjs:44627:22)
    at TinySoundFont._fillWorkingBuffer (http://localhost:3000/alphatab/alphaTab.core.mjs:44567:22)
    at TinySoundFont.synthesizeSilent (http://localhost:3000/alphatab/alphaTab.core.mjs:44466:14)
    at MidiFileSequencer._mainSilentProcess (http://localhost:3000/alphatab/alphaTab.core.mjs:39874:39)
    at MidiFileSequencer.mainSeek (http://localhost:3000/alphatab/alphaTab.core.mjs:39843:18)
    at set timePosition (http://localhost:3000/alphatab/alphaTab.core.mjs:45827:24)
    at set tickPosition (http://localhost:3000/alphatab/alphaTab.core.mjs:45819:27)
    at AlphaSynthWebWorker.handleMessage (http://localhost:3000/alphatab/alphaTab.core.mjs:57799:43)
    at http://localhost:3000/alphatab/alphaTab.core.mjs:57760:52
[   96531ms] TypeError: this._transpositionPitches.has is not a function
    at TinySoundFont.channelNoteOn (http://localhost:3000/alphatab/alphaTab.core.mjs:44980:40)
    at TinySoundFont.processMidiMessage (http://localhost:3000/alphatab/alphaTab.core.mjs:44600:22)
    at TinySoundFont._fillWorkingBuffer (http://localhost:3000/alphatab/alphaTab.core.mjs:44567:22)
    at TinySoundFont.synthesizeSilent (http://localhost:3000/alphatab/alphaTab.core.mjs:44466:14)
    at MidiFileSequencer._mainSilentProcess (http://localhost:3000/alphatab/alphaTab.core.mjs:39874:39)
    at MidiFileSequencer.mainSeek (http://localhost:3000/alphatab/alphaTab.core.mjs:39843:18)
    at set timePosition (http://localhost:3000/alphatab/alphaTab.core.mjs:45827:24)
    at set tickPosition (http://localhost:3000/alphatab/alphaTab.core.mjs:45819:27)
    at set playbackRange (http://localhost:3000/alphatab/alphaTab.core.mjs:45842:31)
    at AlphaSynthWebWorker.handleMessage (http://localhost:3000/alphatab/alphaTab.core.mjs:57805:44)
[   96531ms] TypeError: this._transpositionPitches.has is not a function
    at TinySoundFont.channelNoteOff (http://localhost:3000/alphatab/alphaTab.core.mjs:44995:40)
    at TinySoundFont.processMidiMessage (http://localhost:3000/alphatab/alphaTab.core.mjs:44604:22)
    at TinySoundFont._fillWorkingBuffer (http://localhost:3000/alphatab/alphaTab.core.mjs:44567:22)
    at TinySoundFont.synthesizeSilent (http://localhost:3000/alphatab/alphaTab.core.mjs:44466:14)
    at MidiFileSequencer._mainSilentProcess (http://localhost:3000/alphatab/alphaTab.core.mjs:39874:39)
    at MidiFileSequencer.mainSeek (http://localhost:3000/alphatab/alphaTab.core.mjs:39843:18)
    at set timePosition (http://localhost:3000/alphatab/alphaTab.core.mjs:45827:24)
    at set tickPosition (http://localhost:3000/alphatab/alphaTab.core.mjs:45819:27)
    at set playbackRange (http://localhost:3000/alphatab/alphaTab.core.mjs:45842:31)
    at AlphaSynthWebWorker.handleMessage (http://localhost:3000/alphatab/alphaTab.core.mjs:57805:44)
[   98274ms] TypeError: this._transpositionPitches.has is not a function
    at TinySoundFont.channelSetPerNotePitchWheel (http://localhost:3000/alphatab/alphaTab.core.mjs:45189:40)
    at TinySoundFont.processMidiMessage (http://localhost:3000/alphatab/alphaTab.core.mjs:44627:22)
    at TinySoundFont._fillWorkingBuffer (http://localhost:3000/alphatab/alphaTab.core.mjs:44567:22)
    at TinySoundFont.synthesizeSilent (http://localhost:3000/alphatab/alphaTab.core.mjs:44466:14)
    at MidiFileSequencer._mainSilentProcess (http://localhost:3000/alphatab/alphaTab.core.mjs:39874:39)
    at MidiFileSequencer.mainSeek (http://localhost:3000/alphatab/alphaTab.core.mjs:39843:18)
    at set timePosition (http://localhost:3000/alphatab/alphaTab.core.mjs:45827:24)
    at set tickPosition (http://localhost:3000/alphatab/alphaTab.core.mjs:45819:27)
    at AlphaSynthWebWorker.handleMessage (http://localhost:3000/alphatab/alphaTab.core.mjs:57799:43)
    at http://localhost:3000/alphatab/alphaTab.core.mjs:57760:52
[   98279ms] TypeError: this._transpositionPitches.has is not a function
    at TinySoundFont.channelNoteOn (http://localhost:3000/alphatab/alphaTab.core.mjs:44980:40)
    at TinySoundFont.processMidiMessage (http://localhost:3000/alphatab/alphaTab.core.mjs:44600:22)
    at TinySoundFont._fillWorkingBuffer (http://localhost:3000/alphatab/alphaTab.core.mjs:44567:22)
    at TinySoundFont.synthesizeSilent (http://localhost:3000/alphatab/alphaTab.core.mjs:44466:14)
    at MidiFileSequencer._mainSilentProcess (http://localhost:3000/alphatab/alphaTab.core.mjs:39874:39)
    at MidiFileSequencer.mainSeek (http://localhost:3000/alphatab/alphaTab.core.mjs:39843:18)
    at set timePosition (http://localhost:3000/alphatab/alphaTab.core.mjs:45827:24)
    at set tickPosition (http://localhost:3000/alphatab/alphaTab.core.mjs:45819:27)
    at set playbackRange (http://localhost:3000/alphatab/alphaTab.core.mjs:45842:31)
    at AlphaSynthWebWorker.handleMessage (http://localhost:3000/alphatab/alphaTab.core.mjs:57805:44)
[   98279ms] TypeError: this._transpositionPitches.has is not a function
    at TinySoundFont.channelNoteOff (http://localhost:3000/alphatab/alphaTab.core.mjs:44995:40)
    at TinySoundFont.processMidiMessage (http://localhost:3000/alphatab/alphaTab.core.mjs:44604:22)
    at TinySoundFont._fillWorkingBuffer (http://localhost:3000/alphatab/alphaTab.core.mjs:44567:22)
    at TinySoundFont.synthesizeSilent (http://localhost:3000/alphatab/alphaTab.core.mjs:44466:14)
    at MidiFileSequencer._mainSilentProcess (http://localhost:3000/alphatab/alphaTab.core.mjs:39874:39)
    at MidiFileSequencer.mainSeek (http://localhost:3000/alphatab/alphaTab.core.mjs:39843:18)
    at set timePosition (http://localhost:3000/alphatab/alphaTab.core.mjs:45827:24)
    at set tickPosition (http://localhost:3000/alphatab/alphaTab.core.mjs:45819:27)
    at AlphaSynthWebWorker.handleMessage (http://localhost:3000/alphatab/alphaTab.core.mjs:57799:43)
    at http://localhost:3000/alphatab/alphaTab.core.mjs:57760:52
[   99940ms] TypeError: this._transpositionPitches.has is not a function
    at TinySoundFont.channelSetPerNotePitchWheel (http://localhost:3000/alphatab/alphaTab.core.mjs:45189:40)
    at TinySoundFont.processMidiMessage (http://localhost:3000/alphatab/alphaTab.core.mjs:44627:22)
    at TinySoundFont._fillWorkingBuffer (http://localhost:3000/alphatab/alphaTab.core.mjs:44567:22)
    at TinySoundFont.synthesizeSilent (http://localhost:3000/alphatab/alphaTab.core.mjs:44466:14)
    at MidiFileSequencer._mainSilentProcess (http://localhost:3000/alphatab/alphaTab.core.mjs:39874:39)
    at MidiFileSequencer.mainSeek (http://localhost:3000/alphatab/alphaTab.core.mjs:39843:18)
    at set timePosition (http://localhost:3000/alphatab/alphaTab.core.mjs:45827:24)
    at set tickPosition (http://localhost:3000/alphatab/alphaTab.core.mjs:45819:27)
    at AlphaSynthWebWorker.handleMessage (http://localhost:3000/alphatab/alphaTab.core.mjs:57799:43)
    at http://localhost:3000/alphatab/alphaTab.core.mjs:57760:52
[   99940ms] TypeError: this._transpositionPitches.has is not a function
    at TinySoundFont.channelNoteOn (http://localhost:3000/alphatab/alphaTab.core.mjs:44980:40)
    at TinySoundFont.processMidiMessage (http://localhost:3000/alphatab/alphaTab.core.mjs:44600:22)
    at TinySoundFont._fillWorkingBuffer (http://localhost:3000/alphatab/alphaTab.core.mjs:44567:22)
    at TinySoundFont.synthesizeSilent (http://localhost:3000/alphatab/alphaTab.core.mjs:44466:14)
    at MidiFileSequencer._mainSilentProcess (http://localhost:3000/alphatab/alphaTab.core.mjs:39874:39)
    at MidiFileSequencer.mainSeek (http://localhost:3000/alphatab/alphaTab.core.mjs:39843:18)
    at set timePosition (http://localhost:3000/alphatab/alphaTab.core.mjs:45827:24)
    at set tickPosition (http://localhost:3000/alphatab/alphaTab.core.mjs:45819:27)
    at set playbackRange (http://localhost:3000/alphatab/alphaTab.core.mjs:45842:31)
    at AlphaSynthWebWorker.handleMessage (http://localhost:3000/alphatab/alphaTab.core.mjs:57805:44)
[   99941ms] TypeError: this._transpositionPitches.has is not a function
    at TinySoundFont.channelNoteOff (http://localhost:3000/alphatab/alphaTab.core.mjs:44995:40)
    at TinySoundFont.processMidiMessage (http://localhost:3000/alphatab/alphaTab.core.mjs:44604:22)
    at TinySoundFont._fillWorkingBuffer (http://localhost:3000/alphatab/alphaTab.core.mjs:44567:22)
    at TinySoundFont.synthesizeSilent (http://localhost:3000/alphatab/alphaTab.core.mjs:44466:14)
    at MidiFileSequencer._mainSilentProcess (http://localhost:3000/alphatab/alphaTab.core.mjs:39874:39)
    at MidiFileSequencer.mainSeek (http://localhost:3000/alphatab/alphaTab.core.mjs:39843:18)
    at set timePosition (http://localhost:3000/alphatab/alphaTab.core.mjs:45827:24)
    at set tickPosition (http://localhost:3000/alphatab/alphaTab.core.mjs:45819:27)
    at AlphaSynthWebWorker.handleMessage (http://localhost:3000/alphatab/alphaTab.core.mjs:57799:43)
    at http://localhost:3000/alphatab/alphaTab.core.mjs:57760:52
[  104767ms] TypeError: this._transpositionPitches.has is not a function
    at TinySoundFont.channelSetPerNotePitchWheel (http://localhost:3000/alphatab/alphaTab.core.mjs:45189:40)
    at TinySoundFont.processMidiMessage (http://localhost:3000/alphatab/alphaTab.core.mjs:44627:22)
    at TinySoundFont._fillWorkingBuffer (http://localhost:3000/alphatab/alphaTab.core.mjs:44567:22)
    at TinySoundFont.synthesizeSilent (http://localhost:3000/alphatab/alphaTab.core.mjs:44466:14)
    at MidiFileSequencer._mainSilentProcess (http://localhost:3000/alphatab/alphaTab.core.mjs:39874:39)
    at MidiFileSequencer.mainSeek (http://localhost:3000/alphatab/alphaTab.core.mjs:39843:18)
    at set timePosition (http://localhost:3000/alphatab/alphaTab.core.mjs:45827:24)
    at set tickPosition (http://localhost:3000/alphatab/alphaTab.core.mjs:45819:27)
    at AlphaSynthWebWorker.handleMessage (http://localhost:3000/alphatab/alphaTab.core.mjs:57799:43)
    at http://localhost:3000/alphatab/alphaTab.core.mjs:57760:52
[  104767ms] TypeError: this._transpositionPitches.has is not a function
    at TinySoundFont.channelNoteOn (http://localhost:3000/alphatab/alphaTab.core.mjs:44980:40)
    at TinySoundFont.processMidiMessage (http://localhost:3000/alphatab/alphaTab.core.mjs:44600:22)
    at TinySoundFont._fillWorkingBuffer (http://localhost:3000/alphatab/alphaTab.core.mjs:44567:22)
    at TinySoundFont.synthesizeSilent (http://localhost:3000/alphatab/alphaTab.core.mjs:44466:14)
    at MidiFileSequencer._mainSilentProcess (http://localhost:3000/alphatab/alphaTab.core.mjs:39874:39)
    at MidiFileSequencer.mainSeek (http://localhost:3000/alphatab/alphaTab.core.mjs:39843:18)
    at set timePosition (http://localhost:3000/alphatab/alphaTab.core.mjs:45827:24)
    at set tickPosition (http://localhost:3000/alphatab/alphaTab.core.mjs:45819:27)
    at set playbackRange (http://localhost:3000/alphatab/alphaTab.core.mjs:45842:31)
    at AlphaSynthWebWorker.handleMessage (http://localhost:3000/alphatab/alphaTab.core.mjs:57805:44)
[  104767ms] TypeError: this._transpositionPitches.has is not a function
    at TinySoundFont.channelNoteOff (http://localhost:3000/alphatab/alphaTab.core.mjs:44995:40)
    at TinySoundFont.processMidiMessage (http://localhost:3000/alphatab/alphaTab.core.mjs:44604:22)
    at TinySoundFont._fillWorkingBuffer (http://localhost:3000/alphatab/alphaTab.core.mjs:44567:22)
    at TinySoundFont.synthesizeSilent (http://localhost:3000/alphatab/alphaTab.core.mjs:44466:14)
    at MidiFileSequencer._mainSilentProcess (http://localhost:3000/alphatab/alphaTab.core.mjs:39874:39)
    at MidiFileSequencer.mainSeek (http://localhost:3000/alphatab/alphaTab.core.mjs:39843:18)
    at set timePosition (http://localhost:3000/alphatab/alphaTab.core.mjs:45827:24)
    at set tickPosition (http://localhost:3000/alphatab/alphaTab.core.mjs:45819:27)
    at set playbackRange (http://localhost:3000/alphatab/alphaTab.core.mjs:45842:31)
    at AlphaSynthWebWorker.handleMessage (http://localhost:3000/alphatab/alphaTab.core.mjs:57805:44)
[  107279ms] TypeError: this._transpositionPitches.has is not a function
    at TinySoundFont.channelSetPerNotePitchWheel (http://localhost:3000/alphatab/alphaTab.core.mjs:45189:40)
    at TinySoundFont.processMidiMessage (http://localhost:3000/alphatab/alphaTab.core.mjs:44627:22)
    at TinySoundFont._fillWorkingBuffer (http://localhost:3000/alphatab/alphaTab.core.mjs:44567:22)
    at TinySoundFont.synthesizeSilent (http://localhost:3000/alphatab/alphaTab.core.mjs:44466:14)
    at MidiFileSequencer._mainSilentProcess (http://localhost:3000/alphatab/alphaTab.core.mjs:39874:39)
    at MidiFileSequencer.mainSeek (http://localhost:3000/alphatab/alphaTab.core.mjs:39843:18)
    at set timePosition (http://localhost:3000/alphatab/alphaTab.core.mjs:45827:24)
    at set tickPosition (http://localhost:3000/alphatab/alphaTab.core.mjs:45819:27)
    at AlphaSynth.stop (http://localhost:3000/alphatab/alphaTab.core.mjs:46002:27)
    at AlphaSynth.destroy (http://localhost:3000/alphatab/alphaTab.core.mjs:45854:14)
[  112625ms] [LOG] [HMR] connected @ http://localhost:3000/_next/static/chunks/a266a_next_dist_cfedd8c2._.js:2297
[  113381ms] [INFO] %cDownload the React DevTools for a better development experience: https://react.dev/link/react-devtools font-weight:bold @ http://localhost:3000/_next/static/chunks/a266a_next_dist_cfedd8c2._.js:2297
[  113398ms] [LOG] [HMR] connected @ http://localhost:3000/_next/static/chunks/a266a_next_dist_cfedd8c2._.js:2297
